// Vitest Snapshot v1, https://vitest.dev/guide/snapshot.html

exports[`Alert Component > renders correctly 1`] = `
<div
  class="margin-top-small alert alert-error"
>
  Content
</div>
`;
