// Vitest Snapshot v1, https://vitest.dev/guide/snapshot.html

exports[`EnterpriseNotification Component > renders correctly 1`] = `
.emotion-0 {
  background-color: #f7fafb;
  color: rgba(0, 0, 0, 0.38);
  text-transform: uppercase;
}

.emotion-0:hover {
  font-weight: bold;
}

.emotion-2 {
  max-width: 100%;
  font-family: Lato,sans-serif;
  font-size: 0.7545rem;
  display: -webkit-inline-box;
  display: -webkit-inline-flex;
  display: -ms-inline-flexbox;
  display: inline-flex;
  -webkit-align-items: center;
  -webkit-box-align: center;
  -ms-flex-align: center;
  align-items: center;
  -webkit-box-pack: center;
  -ms-flex-pack: center;
  -webkit-justify-content: center;
  justify-content: center;
  height: 32px;
  color: rgba(10, 10, 11, 0.78);
  background-color: rgba(0, 0, 0, 0.08);
  border-radius: 16px;
  white-space: nowrap;
  -webkit-transition: background-color 300ms cubic-bezier(0.4, 0, 0.2, 1) 0ms,box-shadow 300ms cubic-bezier(0.4, 0, 0.2, 1) 0ms;
  transition: background-color 300ms cubic-bezier(0.4, 0, 0.2, 1) 0ms,box-shadow 300ms cubic-bezier(0.4, 0, 0.2, 1) 0ms;
  cursor: unset;
  outline: 0;
  -webkit-text-decoration: none;
  text-decoration: none;
  border: 0;
  padding: 0;
  vertical-align: middle;
  box-sizing: border-box;
}

.emotion-2.Mui-disabled {
  opacity: 0.38;
  pointer-events: none;
}

.emotion-2 .MuiChip-avatar {
  margin-left: 5px;
  margin-right: -6px;
  width: 24px;
  height: 24px;
  color: #bcbcbc;
  font-size: 0.6964rem;
}

.emotion-2 .MuiChip-avatarColorPrimary {
  color: #fff;
  background-color: rgb(35, 85, 94);
}

.emotion-2 .MuiChip-avatarColorSecondary {
  color: #fff;
  background-color: rgb(65, 10, 46);
}

.emotion-2 .MuiChip-avatarSmall {
  margin-left: 4px;
  margin-right: -4px;
  width: 18px;
  height: 18px;
  font-size: 0.5804rem;
}

.emotion-2 .MuiChip-icon {
  margin-left: 5px;
  margin-right: -6px;
}

.emotion-2 .MuiChip-deleteIcon {
  -webkit-tap-highlight-color: transparent;
  color: rgba(10, 10, 11, 0.26);
  font-size: 22px;
  cursor: pointer;
  margin: 0 5px 0 -6px;
}

.emotion-2 .MuiChip-deleteIcon:hover {
  color: rgba(10, 10, 11, 0.4);
}

.emotion-2 .MuiChip-icon {
  color: #bcbcbc;
}

.emotion-3 {
  overflow: hidden;
  text-overflow: ellipsis;
  padding-left: 12px;
  padding-right: 12px;
  white-space: nowrap;
}

<div>
  <div
    class=""
    data-mui-internal-clone-element="true"
  >
    <div
      class="MuiChip-root emotion-0 MuiChip-filled MuiChip-sizeMedium MuiChip-colorDefault MuiChip-filledDefault emotion-0 emotion-2"
    >
      <span
        class="MuiChip-label MuiChip-labelMedium emotion-3"
      >
        Enterprise
      </span>
    </div>
  </div>
</div>
`;

exports[`EnterpriseNotification Component > works as expected 1`] = `
.emotion-0 {
  background-color: #fff;
  box-shadow: 0px 2px 1px -1px rgba(0,0,0,0.2),0px 1px 1px 0px rgba(0,0,0,0.14),0px 1px 3px 0px rgba(0,0,0,0.12);
  color: rgba(10, 10, 11, 0.78);
  padding: 16px;
  font-size: small;
  max-width: 600px;
  background-color: #f7fafb;
  max-width: 300px;
}

.emotion-0 info {
  max-width: 300px;
  color: rgba(0, 0, 0, 0.54);
  background-color: #e9e9e9;
}

.emotion-1 {
  background-color: rgba(188, 188, 188, 0.92);
  border-radius: 4px;
  color: #fff;
  font-family: Lato,sans-serif;
  padding: 4px 8px;
  font-size: 0.6384rem;
  max-width: 300px;
  margin: 2px;
  word-wrap: break-word;
  font-weight: 500;
  position: relative;
  margin: 0;
  background-color: rgb(50, 50, 50);
}

.MuiTooltip-popper[data-popper-placement*="left"] .emotion-1 {
  transform-origin: right center;
}

.MuiTooltip-popper[data-popper-placement*="right"] .emotion-1 {
  transform-origin: left center;
}

.MuiTooltip-popper[data-popper-placement*="top"] .emotion-1 {
  transform-origin: center bottom;
  margin-bottom: 14px;
}

.MuiTooltip-popper[data-popper-placement*="bottom"] .emotion-1 {
  transform-origin: center top;
  margin-top: 14px;
}

.MuiTooltip-popper[data-popper-placement*="left"] .emotion-1 {
  margin-right: 14px;
}

.MuiTooltip-popper[data-popper-placement*="right"] .emotion-1 {
  margin-left: 14px;
}

.emotion-2 {
  color: #fff;
  color: #f7fafb;
}

.emotion-3 {
  overflow: hidden;
  position: absolute;
  width: 1em;
  height: 0.71em;
  box-sizing: border-box;
  color: rgba(188, 188, 188, 0.9);
}

.emotion-3::before {
  content: "";
  margin: auto;
  display: block;
  width: 100%;
  height: 100%;
  background-color: currentColor;
  -webkit-transform: rotate(45deg);
  -moz-transform: rotate(45deg);
  -ms-transform: rotate(45deg);
  transform: rotate(45deg);
}

<div
  class="MuiTooltip-tooltip emotion-0 MuiTooltip-tooltipArrow MuiTooltip-tooltipPlacementBottom emotion-1"
  style="opacity: 1; transform: scale(1, 1); transition: opacity 200ms cubic-bezier(0.4, 0, 0.2, 1) 0ms,transform 133ms cubic-bezier(0.4, 0, 0.2, 1) 0ms;"
>
  <div>
    Upgrade to the 
    <b>
      Enterprise
    </b>
     plan 
    to gain access to 
    gain access to this feature
    .
    <div
      class="flexbox space-between margin-top-small"
    >
      <a
        data-discover="true"
        href="/settings/upgrade"
      >
        Upgrade now
      </a>
      <span
        class="link"
      >
        Close
      </span>
    </div>
  </div>
  <span
    class="MuiTooltip-arrow emotion-2 emotion-3"
    style="position: absolute; left: 0px; transform: translate(4px, 0px);"
  />
</div>
`;
