// Vitest Snapshot v1, https://vitest.dev/guide/snapshot.html

exports[`FileSize Component > renders correctly 1`] = `
<div>
  1000.00 Bytes
</div>
`;
