// Vitest Snapshot v1, https://vitest.dev/guide/snapshot.html

exports[`KeyValueEditor Component > renders correctly 1`] = `undefined`;
